// Jest Snapshot v1, https://goo.gl/fbAQLP

exports[`<CustomTextField /> Snapshots renders correctly for default props 1`] = `
<div
  style={
    Object {
      "field": Object {
        "background": "#FFFFFF",
        "border": "0px solid #DCE1E8",
        "borderRadius": "2px",
        "input": Object {
          "fontSize": "14px",
          "letterSpacing": 0,
          "textAlign": "left",
        },
        "width": "99%",
      },
      "label": Object {
        "color": "#6E6E6E",
        "fontSize": "14px",
        "letterSpacing": 0,
        "paddingBottom": "5px",
        "textAlign": "left",
      },
      "marginTop": "20px",
    }
  }
>
  <div
    style={
      Object {
        "color": "#6E6E6E",
        "fontSize": "14px",
        "letterSpacing": 0,
        "paddingBottom": "5px",
        "textAlign": "left",
      }
    }
  >
    Name
  </div>
  <withTheme(TextField)
    maxLength={150}
    minLength={5}
    name="testName"
    onChange={[Function]}
    placeholder="Name this iteration"
    styleOverride={
      Object {
        "background": "#FFFFFF",
        "border": "0px solid #DCE1E8",
        "borderRadius": "2px",
        "input": Object {
          "fontSize": "14px",
          "letterSpacing": 0,
          "textAlign": "left",
        },
        "width": "99%",
      }
    }
  />
</div>
`;
