// Jest Snapshot v1, https://goo.gl/fbAQLP

exports[`<Preview /> Snapshots renders correctly with given information 1`] = `
<div
  id="preview-container"
  style={
    Object {
      "bottom": 0,
      "height": "410px",
      "position": "fixed",
      "right": "15px",
      "width": "300px",
      "zIndex": 10,
    }
  }
/>
`;
