// Jest Snapshot v1, https://goo.gl/fbAQLP

exports[`<ConversationsView /> Snapshots renders correctly 1`] = `
<ConversationsView
  cluster={Immutable.Map {}}
  clusters={
    Object {
      "clusterDescription": "relates to cancel order",
      "clusterId": "1",
      "clusterName": "topic_intent_1",
      "count": 230,
      "finalized": false,
      "finalizedBy": "",
      "finalizedOn": undefined,
      "modified": 1554930400000,
      "modifiedBy": "user1@247.ai",
      "originalName": "cancel_order_customer_service",
      "rollupCluster": "Rollup_ABC",
      "similarityCutOff": 0.79,
      "suggestedNames": Array [
        "cancel_order_customer_service",
        "abcde",
        "defg",
      ],
    }
  }
  conversationCount={-1}
  conversations={
    Immutable.List [
      Immutable.Map {
        "transcriptId": "qwe-qwe",
        "sentenceSet": "Hello! Is it possible to refund an order I canceled through the restaurant $$I was not able to cancel it through door dash but was able to cancel
    through the restaurant . Yes I am. Yes that would be perfect! Thank you so much",
        "originalSimilarity": 0.67,
        "originalCluster": "original-cluster-Id",
        "previousCluster": "previous-cluster-id",
        "currentCluster": "current-cluster-id",
        "modifiedBy": "user1@247.ai",
        "modified": 1554930400000,
      },
      Immutable.Map {
        "transcriptId": "abc-abc",
        "sentenceSet": "hello. I placed an order with Garbanzo Mediterranean and the driver called me to inform me that they closed early because of NYE. I tried to
    cancel the order in hopes of a refund and was not allowed to. Am I able to receive a refund since I did not get me food . Will this refund become
    credits or back into my account",
        "originalSimilarity": 0.89,
        "originalCluster": "original-cluster-Id",
        "previousCluster": "previous-cluster-id",
        "currentCluster": "current-cluster-id",
        "modifiedBy": "user1@247.ai",
        "modified": 1554930400000,
      },
    ]
  }
  dispatch={[Function]}
  isConversations={false}
  roleConfig={Object {}}
  selectedConversation={Immutable.List []}
  selectedRunId="123"
>
  <Placeholder
    styleOverride={Object {}}
  >
    <div
      className="vertical-center horizontal-center"
      style={
        Object {
          "paddingBottom": "20px",
        }
      }
    >
      <div
        className="message-default"
      >
        <LoadingIndicator
          color="#A7A9AF"
          isHerbie={true}
          message="Loading Conversations..."
          size={30}
        >
          <withTheme(LoadingScreen)
            isHerbie={true}
            message="Loading Conversations..."
            spinnerColor="#A7A9AF"
            spinnerSize={30}
          >
            <LoadingScreen
              isHerbie={true}
              message="Loading Conversations..."
              spinnerColor="#A7A9AF"
              spinnerSize={30}
              styleOverride={
                Object {
                  "content": Object {
                    "marginTop": "25px",
                    "textAlign": "center",
                  },
                  "wrapper": Object {},
                }
              }
              tfsStyle={
                Object {
                  "loadingScreen": Object {
                    "wrapper": Object {
                      "alignItems": "center",
                      "display": "flex",
                      "flexDirection": "column",
                      "height": "100%",
                      "justifyContent": "center",
                      "width": "100%",
                    },
                  },
                }
              }
            >
              <div
                style={
                  Object {
                    "alignItems": "center",
                    "display": "flex",
                    "flexDirection": "column",
                    "height": "100%",
                    "justifyContent": "center",
                    "width": "100%",
                  }
                }
              >
                <div>
                  <img
                    alt=""
                    src="data:image/gif;base64, R0lGODlhZABkAPf/APKMKNLS0jBVebLIttTDs9nZ2ZCnsXVwdeXl5fSjU/nYo+Hh4eOLNvzq0+zs7D1ik097u8/X5FaRx/j4+Fd6ste3l9mFNejbypNzUdXV1ffDjfb29vjZnGWFtkZvqGPJ4aeJb/z8/LiDWluo0fSWOTVZgqq0xNRfWfjIleeWTdG/rf3y5/OcRbi2t+rq6ktzr7TV6rjl8ZiowOSEKs/Pz/e/g3WTw1dpiPbZueuGIvDw8I+Hiqp4R4VzaWV4mPS9YIqixLjH3cXGxOjo6MmFRPzmzNzc3IKXu3aEjdTk1FZkfMHBwcnS4aN5V5l7Zva8fPrhxf7t12O827W7xfnOpGR+iO6NLufKpLvCyvndvlF4rU1mjHF2hfLy8tzk7mtnXPWtZKqssluBt3eRuKa402eDpEFqm1pymcnJyqWpqURjkd/f35mep8V+PDpekeilZnCNuuubUeHp8YV4dpS1yMOLV+uscuqSP998Jf759Pvkue6+ktvSw+Tn1maWtMGSatCANNyCLoaTpvvWsfW0dOPm6uN/Ju2EdHGKqUpplKFsYdCke/7+/u+JJeeDI+m1hLWbhfOQLdTLxfTl0e3x96uhldyRSnujurvc0PS3emLD3ufSt/nk08bIzPzv41JslOHLtMTQ4gFPgmNqfP/8+YB7glpvjfXRr52x0MHFykdfaL1/R/XPks7KxlmImOfo6tSIQkZfg4GbxY+3uvP2+u7h0P/+/XrR5avVzJaszfr6+vm0b6uwuPi5esvLy8zLyj9mmIdvW+OOQGB+qP7699bc5e6iIMvMzOCwgJJ8c9HV3LC/1s3NzffXuP/9/Edrl/v8/ePj4/3+/teaWVFwo93Lm9/i5u2ZJkxrluiGKBlgjnubrFVjX/j5/Md3L/H098zMyxxXe/3Zsoq62/327qq/yr7Rzvjo1fbt2NiOhP/w2rK5r6pxO5jb6/39/Uhmk9/d3/DhxvbgyvbHevzmws/IvHp/kratp6KwxP/v2UVtrO+HIPaPKf///8zMzP///yH/C05FVFNDQVBFMi4wAwEAAAAh/wtYTVAgRGF0YVhNUDw/eHBhY2tldCBiZWdpbj0i77u/IiBpZD0iVzVNME1wQ2VoaUh6cmVTek5UY3prYzlkIj8+IDx4OnhtcG1ldGEgeG1sbnM6eD0iYWRvYmU6bnM6bWV0YS8iIHg6eG1wdGs9IkFkb2JlIFhNUCBDb3JlIDUuNi1jMTM4IDc5LjE1OTgyNCwgMjAxNi8wOS8xNC0wMTowOTowMSAgICAgICAgIj4gPHJkZjpSREYgeG1sbnM6cmRmPSJodHRwOi8vd3d3LnczLm9yZy8xOTk5LzAyLzIyLXJkZi1zeW50YXgtbnMjIj4gPHJkZjpEZXNjcmlwdGlvbiByZGY6YWJvdXQ9IiIgeG1sbnM6eG1wPSJodHRwOi8vbnMuYWRvYmUuY29tL3hhcC8xLjAvIiB4bWxuczp4bXBNTT0iaHR0cDovL25zLmFkb2JlLmNvbS94YXAvMS4wL21tLyIgeG1sbnM6c3RSZWY9Imh0dHA6Ly9ucy5hZG9iZS5jb20veGFwLzEuMC9zVHlwZS9SZXNvdXJjZVJlZiMiIHhtcDpDcmVhdG9yVG9vbD0iQWRvYmUgUGhvdG9zaG9wIENDIDIwMTcgKE1hY2ludG9zaCkiIHhtcE1NOkluc3RhbmNlSUQ9InhtcC5paWQ6QTREQkFCQkFCQTcyMTFFQTkzRTFBRTU1MzE0MjgyRTYiIHhtcE1NOkRvY3VtZW50SUQ9InhtcC5kaWQ6QTREQkFCQkJCQTcyMTFFQTkzRTFBRTU1MzE0MjgyRTYiPiA8eG1wTU06RGVyaXZlZEZyb20gc3RSZWY6aW5zdGFuY2VJRD0ieG1wLmlpZDpGRTYwMEQ3NUJBNzExMUVBOTNFMUFFNTUzMTQyODJFNiIgc3RSZWY6ZG9jdW1lbnRJRD0ieG1wLmRpZDpGRTYwMEQ3NkJBNzExMUVBOTNFMUFFNTUzMTQyODJFNiIvPiA8L3JkZjpEZXNjcmlwdGlvbj4gPC9yZGY6UkRGPiA8L3g6eG1wbWV0YT4gPD94cGFja2V0IGVuZD0iciI/PgH//v38+/r5+Pf29fTz8vHw7+7t7Ovq6ejn5uXk4+Lh4N/e3dzb2tnY19bV1NPS0dDPzs3My8rJyMfGxcTDwsHAv769vLu6ubi3trW0s7KxsK+urayrqqmop6alpKOioaCfnp2cm5qZmJeWlZSTkpGQj46NjIuKiYiHhoWEg4KBgH9+fXx7enl4d3Z1dHNycXBvbm1sa2ppaGdmZWRjYmFgX15dXFtaWVhXVlVUU1JRUE9OTUxLSklIR0ZFRENCQUA/Pj08Ozo5ODc2NTQzMjEwLy4tLCsqKSgnJiUkIyIhIB8eHRwbGhkYFxYVFBMSERAPDg0MCwoJCAcGBQQDAgEAACH5BAUDAP8ALAAAAABkAGQAAAj/AP8JHEiwoMGDCBMqXMiwocOHEAlO0DFkQYEMAZj52+iPWYAMBRYM0TEhosmTKAVOcGEkAMeXG2nQgPkygBEXJVPq3ClwAwKXHGmEdKFjgy5G/ZL2Y6Rrgw4XFmdyDIBgA8+rDkO4yBD05galYMOKTbqBpVR/GVyEwMq24IRoUmks0IF0LNgJaI0scOFgwwZ3YBnpWBA3Ws62PHUt0OivgAPAZIc4sNtPB82YIMO6c1BgI7MFuhCndDdEqpEuYB0YmWmEsovLHNfY7WIk5hB3oiN2AVrgK9kFXF+GsIsA9kYElPtt6OwvQJfcDd0t2BhAh1LOsIfYrW3cRfKkOoAu/8ANHeEGl8wQQA4RHHYAd04rGimQ0bg/63aHoO7nDoHGAFaVV5AD//mm1HT2JQjbaWPpMBNyZKHngIACMYLgGpCBZZmCHNJEg3pgMdeYb+6ssdECjJTnTm3MeGcXUB3GuJEvBViHwC8vtaiUCxoZQR5iIXRGA375ydhhKmxQowYWx0AyRyKfQPLSGr452NhabQXpDw0GjrVcgkKtgQBRG4QQglMuILBGATOZgIgabsTJxQ1m1GkKD628lBZZMxWA5VXudBbABP3oAmFYQ9iXAQJEfqfLMsPEKWmcZjxzwCr77PMGTbL1M4FLBfyoEyO10UAoI51hqBRtsBUwRJffef8BxDuT1npAIJlmagVMpio1AWsp7jQdl0lx548RE5DGGEyOfRdYEGXUKq0bB+SaawUvTQbWBjMtsJMDHeGHIEcFiKini84qxcS07AJi7T53cLRAgxpNiNIGGrmYqIIB3OZsFr1QodQ3D7ArbTDv7lMPWoSO9RozAUbkjkudvqZgAQ1TRk4mAOTKAjmQcFGwtCWUIIAAJcQZSw7v/tHBERkMN5aJ75k03XuVcdhaclmw8K4FTnxSJzDSCvDACy9AYEbJbvDwbjb66ANHAXZN7I+3EHXR0Ve7KTivXaQMkoC1OaxyQJ1mJNIDIEpMKkDSEowwggRiACPAKAmXEvUUO4v/ha8/zzlkNXITtGdco2B5ogEJ/PDTyD6BBI32KE1kkykPkr4tgRQfaBJDDDBA8EAJ7loLS9RH+NOpUjro0k9xNTeUKM79aGmcXUWA0fjudRzwTJ3P9NDG03CWAAwEmnyg/OcxjACBAAi/e4Y+L6Dhj3aVdYac1UM0pMtMiJt4GaxJFRHJ7gyAYArapjQxQ8KZBuOGABBIoLzyt7TTjhQQuKFEwiKImgw2ogMR9coyNAjNQqZDNbEUBybaEssuGleHUvyuUnMYHvxyBYj5QWAE9wvhByAAjFgkrBFREwNsINQZrCVkAhohXz/Ex5FD9cMLxVCKHdTHviYwoGMbtNYo/+gHQhEqT3QmTNgO9naZXm2gI4c5SDSORa+X7KwbQYAD9SghiR1c0FJEOF/jHhfEy5XAAxJIngidVwK8JUwYURsDbL5Wm2gkJAQz2U9YjNWcDcghF1qIWtTOwD4nMGB3uwNiGXMQCzd8UISakMALBOA0+PlAHxSATa+0RoM/FeQ1DQwLuDiChmXYQJCo1IcZLiVGRO6ujLnigQDM8EHOfWBuLyjByjZYB32ocI5J6YwLEMKVCIZoI1g4QiBTiUoRuPKZ/FBkGQ8ggONB4JoQyGUJNAi/RnjABMaBWD/AlYGDPJEGGbqOP6bQAWa6sxTQfCYscxUMk7kBGMAwWSy4uf/BR1gMmO6YScQGUpyv0WANdOmHS2TgzoYeMp67I+M8AdEDJeiSciyDZST6Ya6XfMh100GAQVxinVFSZyO8aKg7nQDRRM7zpWWEgkmnlDHLBMAtW0IKH9FQCS48wwPMXFrJSvYAfVCjlRCFqVITlgCOvgRjYWHETKL4mp295B7rs1Mq45Q0bOZTH85saTSXCjkMlO6l5NgXR8ZSm2EOpK38eQkXMEgEfkwvam54QP1GIAUpjMMGHigBF8TaOKUGogdqKEMPlJoJrb2EfEFAgxEI4pKvzLQUTbDC7gKoyhI8cnmfU9oDYEFYiQbxsGpowTkuUC2YbrQ9R4BDN8ASBF//omEgeKFBMF+CDFdaAahu0If97sc8NrKUsGWk6Dta0IB85GMSboTpIMSHj6jZYLb9oMQL4pgTyzQQJvVAKj/moA/PFvF+t/gA/wRLWMfBrw0HSG0UnOvcc2xhqSzY0Bisawul1JZ6OhBIouYVApq8wZWnM68ROyc6U7RXmvvgwQ180IJN0Je+UXgAWVegES3qI4dKYYQYota9f0zHO//kSAWe6QMFG3G9g21vpgKBgS0I4gJRiAIOinBh52LjfUqtQWeOEDUQK0WLFMBaZ6zDJpgcgwWuFIEb0GhETRi3vfyA7zt4MYkLQyELPY5CGc76UiqYyARRIwMC1hwNeGz3/wgFEAhXfBOCp1hkI71FpBU+4dnh3s95wHjAQyHKgCbcIBFhmG+PG4CD5l5YEPwsYyMI8Tp/HIMC+tDCFDbSCQ9joZz/cInrwtIZLAxDGFHO616lMDcIBDYZEI2E2RBdiyzgQNE9zgIULqyONFSyjCRAgTOSYrEpbFcfHYDDscnQHIFopC7H3O8OnukEN5wRm6ITrHgbR4Qe2JgP9GU0j3ucjyLc+sItaEIQG5GAIoRlQ/5IAQMYAAtYEKEOi2BERwSykbF0ZsRa2LYIqDHUkgHDCeIF2qFVS+4sgJncOh63OuJRBnUnLBI1IIWXNiIDEIgAFoNmQT82wm/diqUzHv/+AzStIIJklGIOIhg0Pwp9A2yE4QI7Vge5ze3oHn85H+dgwzt+nasEQCE5BfaHh6PmgTNwoRRMmEnJ/e0PNOsDEVieuRNqfnP6/hziONg1uRsAijS8IxhAzlQknpAHZyWdyO7MhdT/0e+T+8MXmNYHqtvbAx9cQOcXZnTPvXzuC0dhCW7oAa48loV0kWUjQGgos/3hbH9AWynMibw+2IBlC6jhAuTOh65D34BmjBvovFCD4nMVCUKQw/Gs24gJ4ECBYwtyGfsOtT9GfUx/pAKoWgAAlleBjXPsvPC5BnMt2KD6tLNgELAPS4r9IYQp8EIGuQACE5r9jzknpc5QEdH/fvUBiaw3oQy4pu+OQy8PNvhgC+7LVCN2sYLoOxAmQljCEoSgnSeCeskcdRYvYXVYl3UHwAbk9nX0VQthgA2XkisW8AUeYH8z8xIIQAP6RxU5E2cm5g8oZhztpA+WkHVWMApLsGiN9lxLcAY34EP8sA85wAPhIAo0SAmU4QzD9h3mohr69zWvgTUDVjvGgQXtJAhZN3PvgGMXpgLutwU9QFr8EAk8oAo0SIPa4AdyIBbkcAp2EAh74CwCOAFGoH87Mx0l5l1JYR86QAmecIT8QASJMAnnwAdp8Aw34AR11TgROIM0CD2VQAda4AdJYQucsAcpgAeIiAcp8B3whhb9/zCGS7AzS6YSW1IsxgEhunOETaAGanAATWABiDQNVCgK4cANGMAOX8CHoqANXMgAiYiIwhAHYPAd40JFkLgzUzUQlTVOxpEBSZEFbjhzSBVsK+AFZnAJ5YABo9iHX8AOr4gHgZACcUBGjSAMb8AJdmE4QxACa7ZmTcF9AgFX7mAfX2ELUBaMjQMG4tBfSUEH2lCFosANweANzxiLdwA/h3gHYHAOxLAtMNEFDuACAjmQx0IQVZWGxoE9KBCMJKABniAWl0CKzRgIhvCK0mgF1jJpGlADPhMHeDADOQCNe8COarURAVkMQCALTCCQNOBWlEgDOmUcO0MO2wZRYDAIGv8XFsSQBYvQBtkwA0A5AwxwB/doLSxQA83QDChQAzWQCftgBYi4D4m4BwFJA0JwlULggS4Qgi8wJhhTECTFi1MBQUkxQWJFAjUQBWLhCVTwBgwQlEB5ByxAAmMjf2CwkTWgAQbABaqgAk/wBJkSlRUJjfpXmPrnga+ASiu5BgZRUElxUAllOA1UBC2VAIPQdkrhDPJgiHA5A7HIAq1EAmi5kX9ZA09wBUhwCCdQBSjwBCSwDxXpCIOJB4ZZmEIgkB5GAYWQJgZxTukEHjDhIgnwTJHQCw0gFlTwlnCZAgnAOIi0CwrAARpQmn/5BDVwBVWgmlUwnWCwD46AB4bwndD/iAZYeZVogAZ7EQ2okAvF4AKvchDFlBSUUAy0YIkckQGAQQWIlABUgJligQJAyQBxkABIxQIoEJ0ckKCsYJ3U+QQosA6ugARXwJTdKZV4EJJ4sAeGExRjMpBDwIEGAUpJ4WG50A2NeD39YAsakAC94G7JsQJg4Jy7AwZUkKA2aqOssAOmcAZnsAPIYJo1cAo4oAE+kyszcKGGsAclySuMMhgtiRB4BDj9cEpRIwv9UIuDEn2MQAiN05AKEAV8wAd6cKMcUA1l4AEjIymJUAF2AGGZ4pE5sAKfYhybtCWeVBBT1BqoEIL6EAQ6sCyNAXt5YAd30DgJqgcGsANfYAAI/8oB97BdWiAGiLANgjAMI7NY8GMFwnAKttBRMEFH/mBHLxRDSVEMmCYG0gETffMdWQCUjMMKHEAP2XkCqjCmHJAGHuABl4ALuDAAvjoA9eAKcYKpCXN0fOQhhPJEzBBFB8FAShEKUeMFD/QSX5MczkACdzADwwkGseoK6SACVTCm1ZCrdIAJfaAOSdkMm+CrBhAnmJIwNVCLl8FCV6MQKQkE4JMU0KAPHrAISwBOMIE4YeEMj9AIjSCUhsoB8WAABiAPCqAAZaAPl5AEfeBcWZCuzVAPsyAIbvAO8BMHNFFAQUEoCKRACBE1XdkcSEEJYMUP9vACAPsSybEH4MkPQP/ZOLCqAPQgDhNkBZmGCUlAX09wCkmJA+Kgsc/gBpEWCSpAlpVRG9vjEiWWEMsUBC6BHKgwB/zAWTBLEzLUD66IBwDwk43AD2CAAufYOCAgsUmADvT1A2CAA0W7rohALdZCAgQQnO/mOrAjKgeRC4KEClMwBbngA5HAANQgSJlEE8aUFHmQiI4AADcLTUigD+UQtM6lDj9wDURbtAMwC25wA7nyBgtjgXbxN4GjEN1ApYJEDaCoN4IUszBhQ/3QBRaQiJI7A/FUuViAuc41D8YABhjrq25wX43wCDgyJVXjEi7EEFkkSHWwtagEB/aBLEnhAEuwCImYDT8po4hUuXT/4Lv5wArGYAgoAAoqAAoD0AKhywKgQBM+Yhc047cMQQteAA8kgLiC9AJTkJXG0S8IUJiLcLuGEAnaCk1rO7HooGhXoAhbUCuBBgmAuhEZkDHStzUpUQuwGzUGoH/+Wy40kX8erAPO4Al5QAWPoAEr50tAC3T4sF1EIylkMAy8IJNVZC8oAQ3jpw828AuGiTHcuCwivH+02w/EUJOXNAtJYA4jFjVmICnUILvZERbcUq870Q8M9QJeEAIBYJtfEQKq4QtDvAS+0Bj6ARaZ6EoMQD2XsEyC9ABlkAod0itJ8SvHEiw74Q5YIAODgiqF6Q8BKZALIMJCUMZ6Mhf9oJ/Q/yQCQBUEpwoEU3AMRtIpcxoqbAENQvIVAcx/ArmbaXKV9sEMfABRdaAFY4APWGAk1OEiVewnQCIkJXUTxdBOcGANLkBD9qECFbDLu6wCBJAnqmxF+2ElriwaK9IR3hGQmqcPqJAmwRwjNdIPS5oeO9Ij9MsWFrIRaxCQsiBIueDMz2wfNDAEl2csGYAfJXIieFweBBKqLsAEgUQB7Xms4cwRDOI3zKsU59EROEwh/3AeAdDJETAELNmLjDARabImGSCAIUsZI5EU/VEg/lwQ0pEBBC2QDgDG9LwR6LJH9tHRdhEeJ3LNE90FGQASVOIrQ7Chv6kU0zqvyfElzZG6E5J9EKRhGnpUGWvAGq5RvbPBHeNM0jVNEIrBGI6RIRMgGZRxohzhEaEE0djREaAx1A/xFnExF5dnF3gRAAVgBGNCEukkGIQRE4ZB1SahFe1BA15BgWRhFvepFmatEz4BI1syFEVxFIHRFHbWZFNRFXHNFivREnTK0DVxE8z6120xERVxEfXR1B8REiNx2Ig92ZMdEAAh+QQFAwD/ACwFAAUAWgBaAAAI/wD/CRxIsKDBgwj/dTHYr2E/B2tcdGmYsKLFixgx9pvgwog/fxMKOuxXgGCGNQ42ZFzJsqXCBRn+ffzoQqRDGgZnFlDpsmdPHUZwEpxpxObGgzP9hfDJNGPDmjlnGnWA9GOAplgTjuRZMGmBAhmkJiTKsF9WrCOvnp2JwKjZsz5HroEr0J8RHQRHIphLt6XDBX0HZnAQop+zhnj9ZVgauCBEhg7UNpYp8Jmpf0L/SZ6MgCZBHZsRGkGgA29hhzpcAPaHsYkkgjSoBu63JinVEEUR0kAZcnLBtnRpy0y6IHPBAC4Y++5qVzlWvsPFGsS7HOHMDL2bQq/L2uDO6mNn0v9w3nN7Qhou3oKP+pEGV5/mEWZ4v96gr4+ymfbbYPwg8PoV+ROfXw3xpxt1AFq0mH5b9YcZfQkmVFJe6l00knCwQRhhQnyNRCCCA4G4oUYXthSCgyOyNN5I+WU04UBQpbiSERshQIM/LV7UnUAvyrhSjz0WRN9mIPnYlD8aarYbXjEaCdeAGyRFA4pOJpTDCwGS988CSe1Y5UpJCvTfQAF0+SVd/gRQ4XtenpmRiNz5AyJgbjZFpFcEhVZnS01Gl+ZAYe6J0YkE3VfAnIJqR1AH3xikZ6Ir9XmQDmtQCWlFgf4zElCXsuRlBG71M2anLCkT6qikJkTnQCPRoqlDqb7/WZAXDdFiQ0ExxWoRnHDIgpSuaAJbEZxjCZsQsdYZixCyAumAgBFhtalssxUVYOa0QlZUW1LYFsTsP51x2y2MCbmgg7TjbjmUEAIJ0UWm6crE7j9C6FBhvHWt2+5CuR4Er6DZyVSAL+1eJGmqIPZLEKoDDUhqbgKt+lmesGnZacD/EDsBaRs0ZNzBl45p6YXbPXopwQMxo9VW3uJbFkUmu3xQjv/uGYADOVa0WQH3xrpTzgjlCPKZDIu50EVRZngpunUNTZAMH5k0rcIHRaDFPxTc95ugTiNpkRH4CDSFtN+OCDRBEiO0gcr/TJOKQe4tvWMAFhtkjUVxC2pm2Sqe5J1gPQXdmBSNLifwmkkhuCD4eJM5vdwxuDI2gUeOY4SenkFWRwIBcNPH90WtTNBPCFTLVHRgv0SYgTujly5jAYUtR4Po/XDpJM+w1mdyAAhg3BMWFtFOUV8Qs3SX7xdhYSlBNOZ+JtMGvd2SvT2Dl3mCao4YTXXiDuTPoTL/s4YO1koXW50Z6ACTSxksgOAEZiJQt48OOBRCagiUH/V0zotJFPIR0sUESuahPEmHIB0b3kBOlL49Fecf9evfP/Q3KQn+A4BVSlwBCUJB/ikQWBbsoLcs2K0FfKUAo0FAW1QYO/AEBAAh+QQFAwD/ACwFAAUAWgBaAAAI/wD/CRxIsKDBgwj/9eviYo0Dg/0i9tORsKLFixgz/tvwb02Gf/5CFoAYcQJIIy5MalzJMuOGAv4KhvRHg2Q/FwUzLOjSsqdPiSEOzvSnUqDEfkaE0jBC0afTi0cDCA3Z1KjEqSFxPt2K8GhSgzMNZigwEuxMjlzTFpSIQO1MqWqdrmm7duJXrjMXkIxrMUQGqgRDOIDL19+CfgSPIuZrcEOAmTTQ/qvJeCCzgZ8WHXVYeaCDmkMzPLT4ceCGxQN1IDBC+SKxiDj9aWU8hODQhP4yzOabqd9ogWv4hrg7MCTCj0U76y24BvXTDaUzJu9csTnXEK0rBqhK/aK/4E8jSv9OSLc7xpngex79bdBIUPMZhy5vqTg9fJ9DIzsFGl2gP/b3WQTZeOr1UxZB3AXonX4KNuigQAw+2B2AEjLm3EEO0DSEScT9M1+FGY2kWEUwzdRhfyAexIBBOoyI21AxDZRdihkF4OJBa8BII1cuTLQGDYQFZluMO2bUCDX4EERDdgT+U16RPiVY0IdQSkhhlSxNV9B4B2LpE4oEzfeel/BFpEOXZGo0AZHFhYTWUVqmeRGKneRllUSPyPlUB3X608mdEem50nRwoEHDGglOJOhKQWIh5aLwUQnppA0+aRGalDrVBU+ZPkXDbZ1WdGFBJRoXakKjElQqm6cWFOdARoT/1WpPls7KYkW12pqRDLr6lGuvAv0q0KPAdkjQBMT+k4qtMyYG0j8BkOVqqwT6I4RAaADaD5inPhnStf9cptBRH3ILaZc0fbWcYtwRFeqFBdRWV6DAXsmSucBa9Gq+/MpVULKCGosQJX+xGaSeXdrYz5gHdSDQGGiwKiyUCTogESNNGgQHq/8w7GU3M552VEIUVCQwlNz2SC9CG5hQkaRF2leQe6mGaZG9ep4cWLO2AfwgzzJmbFAhmRJwM19CN2i0bcztiSLQCrYik6z4ZhQBNGDCfJ8vU+eXNEayiNds1YyxAIpBAbjw6Uw4a2RdnDT4rBY4BwU1QcEyp4UpiCgunZCBxy1xbdDeD8IMeFoTBFC1xd3FvTJ88l4U79cITXFMRRNcJSfUBf2JEQIj96td6KInZPHjFRagw494yVqQjVBmjnpPj5mqqtwBgq65QiDZTioCOI2Zoet5V6hDADSEsPuwoBKUAekC1R7SGvuCCP0/OjQ/UAHXZ0iD1lDOnr3r21//jwuHQzq+7wJxv3yvISAg//xGkFXAYe9TFxAAIfkEBQMA/wAsBQAFAFoAWgAACP8A/wkcSLCgwYMIBW7o4gKBkQI0Jhjsl7CixYsYM/7rtwAiQX8g/XUp2K9kvy4ONKpcqdFkvwIGQ/pLSdAlTBprNrDcyXOgywUHQyIgWVIiwQAujPZcitHk0Jgg1xDlGNQITaZMHVz1WVLHxQAwF7joEiJAUJAZsPYMYcRfRKI6jKj9J9PFXJY6aIRMO7DLGhp36YZUGviiVMEgEVAsPDAkTMYWRzaWCXngsYQlK/9b4K9gSIuA/3XpsljhaIFmVbqEfFglTJ2QXfZzEeJuyQ2hvzooDVmHS6kZamN1affiVs2b+7EtLPvxwQKSkRfMwJe5Sa8HsUvPWJzp7dwDMxD/3o7xOM8Q1QcCJa8SZPS7NLSzxxiSBmyMIcwbvD//okx/qWGEAIDYrdcfTzIFl9EEeoFUwFONyXegf/4omNEa/3U2YU/+tIaRRP8V1N2GGcmlkYcaDmQiiSq9V9F4LDLGG0ErHkRGjCwNtZpBLuK4Ug4vmHCUbDP+45yPPLm4244EuQAekiylF0A/GzggFWElhYDAk1BmpN9AW7lUVpcsBWhQa7JJQiZLXx5k0posFUkQjHLCadGRBemHjJ0qQWiQMnwy1aNgZgo0aKAJgWeCTOONiKhFNWIhkwNdIGApAng+mpCfMtRnzYCUaXqRhJ28Ahuon4kaWUWopqhqQocK/+Tnq6tuSmtG/Bk0660I1Skrrxf5CixG/IkxbIsEFfAYGTcea+tANDAj0BonXYqps+ohhMYQsjk6bKZgyvYeFtgepMtGTCrEq3Aambmrpm1yaRC4j6ZXUDQHuSgsnOMVWh6tI/rzbkHoHUWrq2hYpKVeeZZ7kJOhOpxQASESFOuxXWAxRSquCkQvmf5m5AFCEq4568ArwcjnlBkZm5C9XdYoWmYXqfzorEbIdhE8FpW8JrXpIjSBtAIxE0RB9nXZsUDBvXlRMQWRa6cKL4ewb0XLGOQzyIUtTWbSjKEco0hqqSwzciQQAJXXaungtdjwrQ2SQN4uRTHblZXzj5DzZqbwH7V3oeFLqge1yRM+FbEVEuCBLYEG3kwnNR+GFhaGBtzhOcCuRlj4ktDZ/2jeZcgEUSBQKhYFQNrV5Mlb2JKsS6eYA6TPlbPTLLp0MVYT4L6hb75jyFLEBClGM4nu+P6P23MjBNZmov0TAOEEZRA7ckGjehDQM3JGvRFbk1ik928rPwFlSKl6t9ewz+tWTtf72BHDPCovmuGaUsnQPw8F0Pvx7AkIACH5BAUDAP8ALAUABQBaAFoAAAj/AP8JHEiwoMGDCP+FQMDwH0MjBSIuSEixosWLGA3229jloL+PBTT2y0iypMl/G/t1NPjRX8iCKfsNCXGyZskJIlV6BAkzpYN/NCbaHJqwSwAaNAmmXFmwZYaeGwMQXIOTqNUJRloi6BmCKUt/AocI9HlwzQarNre2/FhV4IKnJTMs0CH1awGvaC3+HLjWSN6ELev+pdgFLsG1gw3+ark38cGRCME6LpjoHyTBk5XqNFlggdikCjvqEEjjIo81maH283vRiIO2qVFC/hsTNkIEtmPHTBzzpcE1eGPLjgk6b78QvgkaFl4wRMy3xa8uH7iV+cEMzifARV0z+MHk1g3S/xhSmugQf0baYg4bviSNsyRD0Pg43mPj9hmxZ1y91l95gvfhlxF3F43Wn4BofRQgQiEI9lFB7yFYUksRViRUURKS1B9rCcGX0IUZXtRXdAZNV5CJIRIkzFdiVdRihylq6CFFCyW0TIwlLZjTBijiSFEj1OBTUkz9EOhjZkSud6RFRo61G1TeLUlYQRsQidBqUg61hpVZolUdaRttoANuXV5VEGajlUkUhwZ9SdAjamakI2kCfRRARHFmlNtAT3VxYJ4YSXYQI34iBuhF4BGE05+HVtQkX680atKLAk3xUSdwSGpVB5lqWhKJBLHpKY0UJTrqQVEKZOqpBaUKFKsVuf+6lKueytobrBRNR+Sqo6apKptEgoirmwiwtsBsArmJa0HFuoXssk2FCpcRzxoEKqCporjcnHlSWhAaBk2AmaiNkjsQiDoU8KCinsp3UQCMOuSptwmpayirvmDkwL0D0QorvAg9Cm2yA3+LhrAEXStQj1KyScN8NCibkcRSeiuWDmsEYK5FgnY540EfE0RBqAXxGiPDeg0khjui0oujsCYf5EAoAnnhLoBS4oXUkNAIhMzMTXGL4H8C6ZASSZRISkBBWz75V8j43XHQe07nRYO/qdWDENUbEbVGx25JCDaEVRLlQkslQp0ZKBchbJIQaB/ksmPgMpkX3GMzR8Y/vOymRPdAS+RdUDSJmRBZ3CkGMFNsCxy4ZYo0GDGE2hUdQ+q+LT1+JNEHaSEQFhb5+s95/sydGgJCoxWAA9WukfpkRtOEsk3Hdu2j6P9kNVjttseIFwKIExVA1RkumNW6FIGVgb3IE1Rl71LC2/xARkP/D78DDWH9kSFgL9AER4caPFBG4C7lBsyLRzzpD8qF9ZEbOLDGcgUQP8FHru1Z6xCuE/+P+ZMJCAAh+QQFAwD/ACwFAAUAWgBaAAAI/wD/CRxIsKDBgwj/9VvYb0GBh0YQSJwYIqHFixgzaizIsF8Bg/5C+uuysaTJkyFcGOz4saDIkSv7nZxJcwENfw44MmxJ8CVJgh1pCsU4Yc3LADoXInUpckPSEDQy/BxK9d+GNQNf5iTowiFCkQoHdkQw0MiEqjS78MwaMkNVhmcLIqiIdmO/pUxDVqWxRu1BGlvrWmQYWHDJkAWmGk7aj8bijUcfx1xINmOANRL/dXH676yOyngvthKpWLJAhpwTZnCRWvCbkEZMx9Th+GABB3RNh4y7ODfBBQjXyhYo/DTVEBmAE3RrMICO4baTDjXqL8NZ3wMDFIZu8GxHmTQdvP+kodJgBuzcCzLb8L20xg03X/oziDX9xfMLJxjxV74k85f20XSeC7XVJtR8BbUWoEUGChSbRv0tKNlzGG2A4FfuSbhRAOgZVFxB22loknIJ9RPCgyIuFpKCSUVYVooXMfBVWyV2xGKHMF4kn4tidRRijie9NNdgSgFJFWIsIvSjkRdROFB9TMr2YZRUVknTlAVNgIAOSVqJ0Y9B/aMDgF6WhJ0O3wmEAJllbsScQHB0E+Z+IiHT5kaVDWSDnP1QIpBbYN35nodIzQeeoCeFVhCXiM4EpUEZNopRnpKiRSl9lZbkZHSZahSpQJ8Z8WanCH2qUJikHnSoqqimyhGRDLn/ehBvRMo61Ki2bmprSZda1OuuwE6I4j+pyBpaF8OKuUZ8CaZKq0IPPhiAfFylGmEG/UQr0ALUDoSrpKNaV1llFuplEI5tTnBheJ3yiBCJHnbaoEVdBnulvQbBa5Cu9rZGQ4OKlhmauRaJ8Y8+QHTj4pJRbjferwXJchdBHLYJTV6BItTBQEGU9m2UwtGJ2GDFUDCQcI9GmXJsWt7EsHGZvvyPzIMyycK6+CZkxXAmQJojCR4uVBcFOOMEYysF4Sd0VSbgLFDK9vlCX5pDweF0WeguxgIBCTnQqmk0o8XMReytmjNCNGSt0S8muWufdbJB/E8BLjxrEjDEzmiQEWpDjVdd3SdNYRGb/8gtYsAIFXuRA9OCBdjhwxkIn0gB1AtdQ1dTlQFuBI1ZXd/DUZf5SUZ0sTRBCECtYeOjm4RArF6WSzBBDxWXMUFGfM2kC4T3eLqYt2enu5E6GHHTQbnDLpC6wQsUgvJedrEAri5AL1B8RRdguZUTuLBfZ9bPDVZyVu1qevgOrOGC6ekFBAAh+QQFAwD/ACwFAAUAWgBaAAAI/wD/CRxIsKDBgwgL9ls4IUABI/9cdNnQL6HFixgzagzhQIfBhf08GvRHo8ACjShTqvzXb8MaGv4KfFzo4KC/mzJX6txJ0EWAfzdvTlC4EIHNm0YV8lya0AHEgUH9nSQIcs1Rf0kHgqzItGu/DFd/Eiwg9qpIrSAd1OyqE2RWglFX+nsqcOsEGv/oskUJcujegzq2gh149u/FrXoNCwzgoN9bgQtCKD5Mc3LKwpaphiyLUcfZDWetypU6maPBCYkzJ4wqem+IDP5aq1YZlIZftv2MBF0j2SJm1VFd/O23Jqq/wbNR4jQsHGjc5Cn9/d4b1GBO6Alp9NaqU4c/7Iq3qv/cgBf88K1cNXI2z7QAegfbD79mv3cBzZ+PEYKcf3AD/ZQIXFceZVX9p5hs+iFWEIIGrnSbRQthdl2DOzGoH2frUajTgwnlp+FSc31oXlTTichUc1BFNeE/Da3hAIcm7hQVDWsN5IBxMa6EGUkIxCdQcUGhkSNTGfhYVwBB3TNkZjAumVKTBtXoZGYWTqkRigllaOVONtgCEotb7hXBVoxIGWZKehWDngsDnrkTPgjEadRCG7hgRJtu7oTeinmuhJ6WfRJUYl3iBWqRf4YmquiiBiGaEaCJFkaBRXwyCpcQAsmQi0B13mnpapj+IwQCbD73qXXlBaDDjaZ+qheWLOL/eKpBvyH53az/OJpQlbgiZGavkBkJJa6rAnuQlDQixOuntx5LEJ6DWjqUixP0Aymw7xmrHyXF0LLQtb3CIdCmHmr76bXDFiRhn83+s6xBqbmJY7oGFWeocbGltMgSJmwZh0EB1mZkRv06GYkKBU2lA5Ll7qTrlPCZK3FGRZpXqWqgGFTkQuaB+xeeAgX25WQZIGeie4X+ZUQI/Ux10BD/uZDyXkJQZFpT7NnG8V7X+fProdi9y2h1cLkMHpDJyRryf0MQbZljzxnNHgJOs0XDGoXBdhMN0San2017Yb3zQHfNNTB4pbY7UAAh6ODCVB6LnJ6NP9Ong24H2Tf2j1UPMoTAyFZO4FNB1e79D9VgAzyzlS7hhbLhrCY+1uJhdrS4d1WXZN+ncwvU0EOk6vCwagEBADs="
                    width="100px"
                  />
                </div>
                <p
                  style={
                    Object {
                      "marginTop": "25px",
                      "textAlign": "center",
                    }
                  }
                >
                  Loading Conversations...
                </p>
              </div>
            </LoadingScreen>
          </withTheme(LoadingScreen)>
        </LoadingIndicator>
      </div>
    </div>
  </Placeholder>
</ConversationsView>
`;
